=== Sat Jul 18 15:17:48 CDT 2026 ===
Traceback (most recent call last):
  File "/Users/joslyn/nc-petco-dashboard/fetch_data.py", line 16, in <module>
    from google.cloud import bigquery
ModuleNotFoundError: No module named 'google'
=== Sat Jul 18 15:18:19 CDT 2026 ===
Wrote data/metrics.json at 2026-07-18T20:18:20.313401+00:00Z
  Total adoptions: 432 (337 cats, 95 dogs)
  Year 1 (CY2025): 184 / 500-750
  Year 2 (CY2026): 248 / 750-1000
[main eb618e9] Auto-refresh metrics 2026-07-18 15:18
 Committer: Joslyn <joslyn@Joslyns-MacBook-Pro.local>
Your name and email address were configured automatically based
on your username and hostname. Please check that they are accurate.
You can suppress this message by setting them explicitly:

    git config --global user.name "Your Name"
    git config --global user.email you@example.com

After doing this, you may fix the identity used for this commit with:

    git commit --amend --reset-author

 1 file changed, 1 insertion(+), 1 deletion(-)
To https://github.com/joslyncavitt01/nc-petco-dashboard.git
   782e1ec..eb618e9  main -> main
Pushed update.
=== Sun Jul 19 06:06:46 CDT 2026 ===
=== Mon Jul 27 08:27:01 CDT 2026 ===
Wrote data/metrics.json at 2026-07-27T13:27:08.839375+00:00Z
  Total adoptions: 446 (350 cats, 96 dogs)
  Year 1 (CY2025): 184 / 500-750
  Year 2 (CY2026): 262 / 750-1000
[main 60ef0af] Auto-refresh metrics 2026-07-27 08:27
 Committer: Joslyn <joslyn@Joslyns-MacBook-Pro.local>
Your name and email address were configured automatically based
on your username and hostname. Please check that they are accurate.
You can suppress this message by setting them explicitly:

    git config --global user.name "Your Name"
    git config --global user.email you@example.com

After doing this, you may fix the identity used for this commit with:

    git commit --amend --reset-author

 1 file changed, 19 insertions(+), 19 deletions(-)
To https://github.com/joslyncavitt01/nc-petco-dashboard.git
   86580fa..60ef0af  main -> main
Pushed update.
=== Tue Jul 28 06:00:05 CDT 2026 ===
Wrote data/metrics.json at 2026-07-28T11:00:06.624290+00:00Z
  Total adoptions: 447 (351 cats, 96 dogs)
  Year 1 (CY2025): 184 / 500-750
  Year 2 (CY2026): 263 / 750-1000
[main 580054b] Auto-refresh metrics 2026-07-28 06:00
 Committer: Joslyn <joslyn@Joslyns-MacBook-Pro.local>
Your name and email address were configured automatically based
on your username and hostname. Please check that they are accurate.
You can suppress this message by setting them explicitly:

    git config --global user.name "Your Name"
    git config --global user.email you@example.com

After doing this, you may fix the identity used for this commit with:

    git commit --amend --reset-author

 1 file changed, 12 insertions(+), 12 deletions(-)
To https://github.com/joslyncavitt01/nc-petco-dashboard.git
   60ef0af..580054b  main -> main
Pushed update.
=== Wed Jul 29 06:07:12 CDT 2026 ===
=== Sat Aug  8 10:37:00 CDT 2026 ===
Wrote data/metrics.json at 2026-08-08T15:37:05.714081+00:00Z
  Total adoptions: 458 (358 cats, 100 dogs)
  Year 1 (CY2025): 184 / 500-750
  Year 2 (CY2026): 274 / 750-1000
[main cd71433] Auto-refresh metrics 2026-08-08 10:39
 Committer: Joslyn <joslyn@Joslyns-MacBook-Pro.local>
Your name and email address were configured automatically based
on your username and hostname. Please check that they are accurate.
You can suppress this message by setting them explicitly:

    git config --global user.name "Your Name"
    git config --global user.email you@example.com

After doing this, you may fix the identity used for this commit with:

    git commit --amend --reset-author

 1 file changed, 24 insertions(+), 18 deletions(-)
To https://github.com/joslyncavitt01/nc-petco-dashboard.git
   580054b..cd71433  main -> main
Pushed update.
=== Sun Aug  9 06:14:49 CDT 2026 ===
